ahope@ahope-B250M-DS3H:~$ cd flask/
bin/       include/   lib/       lib64/     microblog/ share/     
ahope@ahope-B250M-DS3H:~$ cd flask/microblog/
ahope@ahope-B250M-DS3H:~/flask/microblog$ ll
합계 24
drwxr-xrwx 5 root  root  4096 12월  3 12:55 ./
drwxrwxr-x 7 ahope ahope 4096 12월  3 12:00 ../
drwxr-xrwx 5 root  root  4096 12월  3 12:56 app/
drwxrwxr-x 6 ahope ahope 4096 12월  3 12:48 flask/
-rwxrwxr-x 1 ahope ahope   59 12월  3 12:54 run.py*
drwxr-xrwx 2 root  root  4096 12월  3 10:57 tmp/
ahope@ahope-B250M-DS3H:~/flask/microblog$ ./run.py 
Traceback (most recent call last):
  File "./run.py", line 2, in <module>
    from app import app
  File "/home/ahope/flask/microblog/app/__init__.py", line 1, in <module>
    from flask import Flask
ImportError: cannot import name 'Flask' from 'flask' (unknown location)
ahope@ahope-B250M-DS3H:~/flask/microblog$ source flask/bin/activate
(flask) ahope@ahope-B250M-DS3H:~/flask/microblog$ ll flask/bin/pip
pip     pip3    pip3.8  
(flask) ahope@ahope-B250M-DS3H:~/flask/microblog$ ll flask/bin/pip
-rwxrwxr-x 1 ahope ahope 250 12월  3 12:48 flask/bin/pip*
(flask) ahope@ahope-B250M-DS3H:~/flask/microblog$ $ flask/bin/pip install flask
$: 명령을 찾을 수 없습니다
(flask) ahope@ahope-B250M-DS3H:~/flask/microblog$ $ flask/bin/pip install flask-login
$: 명령을 찾을 수 없습니다
(flask) ahope@ahope-B250M-DS3H:~/flask/microblog$ $ flask/bin/pip install flask-openid
$: 명령을 찾을 수 없습니다
(flask) ahope@ahope-B250M-DS3H:~/flask/microblog$ $ flask/bin/pip install flask-mail
$: 명령을 찾을 수 없습니다
(flask) ahope@ahope-B250M-DS3H:~/flask/microblog$ $ flask/bin/pip install flask-sqlalchemy
$: 명령을 찾을 수 없습니다
(flask) ahope@ahope-B250M-DS3H:~/flask/microblog$ $ flask/bin/pip install sqlalchemy-migrate
$: 명령을 찾을 수 없습니다
(flask) ahope@ahope-B250M-DS3H:~/flask/microblog$ $ flask/bin/pip install flask-whooshalchemy
$: 명령을 찾을 수 없습니다
(flask) ahope@ahope-B250M-DS3H:~/flask/microblog$ $ flask/bin/pip install flask-wtf
$: 명령을 찾을 수 없습니다
(flask) ahope@ahope-B250M-DS3H:~/flask/microblog$ $ flask/bin/pip install flask-babel
$: 명령을 찾을 수 없습니다
(flask) ahope@ahope-B250M-DS3H:~/flask/microblog$ $ flask/bin/pip install guess_language
$: 명령을 찾을 수 없습니다
(flask) ahope@ahope-B250M-DS3H:~/flask/microblog$ $ flask/bin/pip install flipflop
$: 명령을 찾을 수 없습니다
(flask) ahope@ahope-B250M-DS3H:~/flask/microblog$ $ flask/bin/pip install coverage^C
(flask) ahope@ahope-B250M-DS3H:~/flask/microblog$ flask/bin/pip install flask

Collecting flask
  Downloading Flask-1.1.2-py2.py3-none-any.whl (94 kB)
     |████████████████████████████████| 94 kB 1.5 MB/s 
Collecting Jinja2>=2.10.1
  Downloading Jinja2-2.11.2-py2.py3-none-any.whl (125 kB)
     |████████████████████████████████| 125 kB 7.6 MB/s 
Collecting itsdangerous>=0.24
  Downloading itsdangerous-1.1.0-py2.py3-none-any.whl (16 kB)
Collecting Werkzeug>=0.15
  Downloading Werkzeug-1.0.1-py2.py3-none-any.whl (298 kB)
     |████████████████████████████████| 298 kB 15.5 MB/s 
Collecting click>=5.1
  Downloading click-7.1.2-py2.py3-none-any.whl (82 kB)
     |████████████████████████████████| 82 kB 2.2 MB/s 
Collecting MarkupSafe>=0.23
  Using cached MarkupSafe-1.1.1-cp38-cp38-manylinux1_x86_64.whl (32 kB)
Installing collected packages: MarkupSafe, Jinja2, itsdangerous, Werkzeug, click, flask
Successfully installed Jinja2-2.11.2 MarkupSafe-1.1.1 Werkzeug-1.0.1 click-7.1.2 flask-1.1.2 itsdangerous-1.1.0
(flask) ahope@ahope-B250M-DS3H:~/flask/microblog$ 
(flask) ahope@ahope-B250M-DS3H:~/flask/microblog$ flask/bin/pip install flask-login
Collecting flask-login
  Downloading Flask_Login-0.5.0-py2.py3-none-any.whl (16 kB)
Requirement already satisfied: Flask in ./flask/lib/python3.8/site-packages (from flask-login) (1.1.2)
Requirement already satisfied: itsdangerous>=0.24 in ./flask/lib/python3.8/site-packages (from Flask->flask-login) (1.1.0)
Requirement already satisfied: Werkzeug>=0.15 in ./flask/lib/python3.8/site-packages (from Flask->flask-login) (1.0.1)
Requirement already satisfied: Jinja2>=2.10.1 in ./flask/lib/python3.8/site-packages (from Flask->flask-login) (2.11.2)
Requirement already satisfied: click>=5.1 in ./flask/lib/python3.8/site-packages (from Flask->flask-login) (7.1.2)
Requirement already satisfied: MarkupSafe>=0.23 in ./flask/lib/python3.8/site-packages (from Jinja2>=2.10.1->Flask->flask-login) (1.1.1)
Installing collected packages: flask-login
Successfully installed flask-login-0.5.0
(flask) ahope@ahope-B250M-DS3H:~/flask/microblog$ ./run.py 
 * Serving Flask app "app" (lazy loading)
 * Environment: production
   WARNING: This is a development server. Do not use it in a production deployment.
   Use a production WSGI server instead.
 * Debug mode: on
 * Running on http://127.0.0.1:5000/ (Press CTRL+C to quit)
 * Restarting with stat
 * Debugger is active!
 * Debugger PIN: 262-314-825
^C(flask) ahope@ahope-B250M-DS3H:~/flask/microblog$ ll
합계 24
drwxr-xrwx 5 root  root  4096 12월  3 12:55 ./
drwxrwxr-x 7 ahope ahope 4096 12월  3 12:00 ../
drwxr-xrwx 5 root  root  4096 12월  3 12:56 app/
drwxrwxr-x 6 ahope ahope 4096 12월  3 12:48 flask/
-rwxrwxr-x 1 ahope ahope   59 12월  3 12:54 run.py*
drwxr-xrwx 2 root  root  4096 12월  3 10:57 tmp/
(flask) ahope@ahope-B250M-DS3H:~/flask/microblog$ cat run.py 
#!flask/bin/python
from app import app
app.run(debug=True)
(flask) ahope@ahope-B250M-DS3H:~/flask/microblog$ pwd
/home/ahope/flask/microblog
(flask) ahope@ahope-B250M-DS3H:~/flask/microblog$ ll flask/bin/python
lrwxrwxrwx 1 ahope ahope 7 12월  3 12:48 flask/bin/python -> python3*
(flask) ahope@ahope-B250M-DS3H:~/flask/microblog$  
